// Jest Snapshot v1, https://goo.gl/fbAQLP

exports[`renders app and tests init values render app 1`] = `<div />`;
